[    0.000000] Booting Linux on physical CPU 0x0000000000 [0x410fd4b0]
[    0.000000] Linux version 6.11.0-rc6 (nixbld@localhost) (gcc (GCC) 13.3.0, GNU ld (GNU Binutils) 2.42) #1-NixOS SMP Tue Jan  1 00:00:00 UTC 1980
[    0.000000] KASLR enabled
[    0.000000] Machine model: Lenovo ThinkPad X13s
[    0.000000] efi: EFI v2.7 by Lenovo
[    0.000000] efi: RTPROP=0xffe89398 ACPI 2.0=0xffffd000 MEMATTR=0xfb72b218 ESRT=0xfacfa518 SMBIOS=0xffed1000 TPMEventLog=0xe56bb018 INITRD=0xef966b18 RNG=0xffffb018 MEMRESERVE=0xef966d18 
[    0.000000] random: crng init done
[    0.000000] TPM Final Events table not present
[    0.000000] esrt: Reserving ESRT space from 0x00000000facfa518 to 0x00000000facfa5a0.
[    0.000000] Reserved memory: created CMA memory pool at 0x0000000c3e600000, size 128 MiB
[    0.000000] OF: reserved mem: initialized node linux,cma, compatible id shared-dma-pool
[    0.000000] OF: reserved mem: 0x0000000c3e600000..0x0000000c465fffff (131072 KiB) map reusable linux,cma
[    0.000000] OF: reserved mem: 0x0000000080000000..0x000000008085ffff (8576 KiB) nomap non-reusable reserved-region@80000000
[    0.000000] OF: reserved mem: 0x0000000080860000..0x000000008087ffff (128 KiB) nomap non-reusable cmd-db-region@80860000
[    0.000000] OF: reserved mem: 0x0000000080880000..0x00000000808fffff (512 KiB) nomap non-reusable reserved-region@80880000
[    0.000000] OF: reserved mem: 0x0000000080900000..0x0000000080afffff (2048 KiB) nomap non-reusable smem-region@80900000
[    0.000000] OF: reserved mem: 0x0000000080b00000..0x0000000080bfffff (1024 KiB) nomap non-reusable reserved-region@80b00000
[    0.000000] OF: reserved mem: 0x0000000083b00000..0x00000000851fffff (23552 KiB) nomap non-reusable reserved-region@83b00000
[    0.000000] OF: reserved mem: 0x0000000085b00000..0x00000000866fffff (12288 KiB) nomap non-reusable reserved-region@85b00000
[    0.000000] OF: reserved mem: 0x0000000086700000..0x0000000086bfffff (5120 KiB) nomap non-reusable pil_video_region@86700000
[    0.000000] OF: reserved mem: 0x0000000086c00000..0x0000000088bfffff (32768 KiB) nomap non-reusable adsp-region@86c00000
[    0.000000] OF: reserved mem: 0x000000008a100000..0x000000008befffff (30720 KiB) nomap non-reusable cdsp0-region@8a100000
[    0.000000] OF: reserved mem: 0x000000008bf00000..0x000000008bf01fff (8 KiB) nomap non-reusable gpu-mem@8bf00000
[    0.000000] OF: reserved mem: 0x000000008c600000..0x000000008e3fffff (30720 KiB) nomap non-reusable cdsp1-region@8c600000
[    0.000000] OF: reserved mem: 0x00000000aeb00000..0x00000000c50fffff (366592 KiB) nomap non-reusable reserved-region@aeb00000
[    0.000000] NUMA: No NUMA configuration found
[    0.000000] NUMA: Faking a node at [mem 0x0000000080600000-0x0000000c7fffffff]
[    0.000000] NUMA: NODE_DATA [mem 0xc7be688c0-0xc7be6bfff]
[    0.000000] Zone ranges:
[    0.000000]   DMA      [mem 0x0000000080600000-0x00000000ffffffff]
[    0.000000]   DMA32    empty
[    0.000000]   Normal   [mem 0x0000000100000000-0x0000000c7fffffff]
[    0.000000]   Device   empty
[    0.000000] Movable zone start for each node
[    0.000000] Early memory node ranges
[    0.000000]   node   0: [mem 0x0000000080600000-0x00000000806fffff]
[    0.000000]   node   0: [mem 0x0000000080880000-0x00000000808affff]
[    0.000000]   node   0: [mem 0x00000000808c0000-0x00000000808effff]
[    0.000000]   node   0: [mem 0x0000000080c00000-0x00000000826fffff]
[    0.000000]   node   0: [mem 0x000000008e400000-0x000000009f5cffff]
[    0.000000]   node   0: [mem 0x000000009f5f7000-0x000000009f5fffff]
[    0.000000]   node   0: [mem 0x000000009f600000-0x00000000ae9fffff]
[    0.000000]   node   0: [mem 0x00000000aea00000-0x00000000bfffffff]
[    0.000000]   node   0: [mem 0x00000000c6200000-0x00000000c85fffff]
[    0.000000]   node   0: [mem 0x00000000c8600000-0x00000000ee91dfff]
[    0.000000]   node   0: [mem 0x00000000ee91e000-0x00000000ef3b3fff]
[    0.000000]   node   0: [mem 0x00000000ef3b4000-0x00000000ff36dfff]
[    0.000000]   node   0: [mem 0x00000000ff36e000-0x00000000fff21fff]
[    0.000000]   node   0: [mem 0x00000000fff22000-0x00000003ffffffff]
[    0.000000]   node   0: [mem 0x0000000800000000-0x0000000c7fffffff]
[    0.000000] Initmem setup node 0 [mem 0x0000000080600000-0x0000000c7fffffff]
[    0.000000] On node 0, zone DMA: 1536 pages in unavailable ranges
[    0.000000] On node 0, zone DMA: 384 pages in unavailable ranges
[    0.000000] On node 0, zone DMA: 16 pages in unavailable ranges
[    0.000000] On node 0, zone DMA: 784 pages in unavailable ranges
[    0.000000] On node 0, zone DMA: 48384 pages in unavailable ranges
[    0.000000] On node 0, zone DMA: 39 pages in unavailable ranges
[    0.000000] On node 0, zone DMA: 25088 pages in unavailable ranges
[    0.000000] psci: probing for conduit method from DT.
[    0.000000] psci: PSCIv1.1 detected in firmware.
[    0.000000] psci: Using standard PSCI v0.2 function IDs
[    0.000000] psci: MIGRATE_INFO_TYPE not supported.
[    0.000000] psci: SMC Calling Convention v1.1
[    0.000000] psci: OSI mode supported.
[    0.000000] psci: [Firmware Bug]: failed to set PC mode: -3
[    0.000000] percpu: Embedded 55 pages/cpu s100824 r8192 d116264 u225280
[    0.000000] pcpu-alloc: s100824 r8192 d116264 u225280 alloc=55*4096
[    0.000000] pcpu-alloc: [0] 0 [0] 1 [0] 2 [0] 3 [0] 4 [0] 5 [0] 6 [0] 7 
[    0.000000] Detected PIPT I-cache on CPU0
[    0.000000] CPU features: SYS_ID_AA64ISAR1_EL1[31:28]: already set to 0
[    0.000000] CPU features: SYS_ID_AA64ISAR1_EL1[27:24]: forced to 0
[    0.000000] CPU features: SYS_ID_AA64ISAR1_EL1[11:8]: already set to 0
[    0.000000] CPU features: SYS_ID_AA64ISAR1_EL1[7:4]: forced to 0
[    0.000000] CPU features: SYS_ID_AA64ISAR2_EL1[15:12]: already set to 0
[    0.000000] CPU features: SYS_ID_AA64ISAR2_EL1[11:8]: already set to 0
[    0.000000] CPU features: detected: GIC system register CPU interface
[    0.000000] CPU features: detected: Spectre-v4
[    0.000000] CPU features: detected: Spectre-BHB
[    0.000000] CPU features: kernel page table isolation forced ON by KASLR
[    0.000000] CPU features: detected: Kernel page table isolation (KPTI)
[    0.000000] CPU features: detected: SSBS not fully self-synchronizing
[    0.000000] alternatives: applying boot alternatives
[    0.000000] Kernel command line: BOOT_IMAGE=/boot/Image init=/nix/store/w7q1568dz88jzw9r5ylrp58y7f418ybs-nixos-system-recovery-24.11.20240908.deef73b/init root=LABEL=NIXOS-MINIM boot.shell_on_fail clk_ignore_unused pd_ignore_unused arm64.nopauth loglevel=4
[    0.000000] Unknown kernel command line parameters "BOOT_IMAGE=/boot/Image", will be passed to user space.
[    0.000000] Dentry cache hash table entries: 4194304 (order: 13, 33554432 bytes, linear)
[    0.000000] Inode-cache hash table entries: 2097152 (order: 12, 16777216 bytes, linear)
[    0.000000] Fallback order for Node 0: 0 
[    0.000000] Built 1 zonelists, mobility grouping on.  Total pages: 8312377
[    0.000000] Policy zone: Normal
[    0.000000] mem auto-init: stack:all(zero), heap alloc:on, heap free:off
[    0.000000] software IO TLB: area num 8.
[    0.000000] software IO TLB: mapped [mem 0x00000000f6cfa000-0x00000000facfa000] (64MB)
[    0.000000] SLUB: HWalign=64, Order=0-3, MinObjects=0, CPUs=8, Nodes=1
[    0.000000] ftrace: allocating 74509 entries in 292 pages
[    0.000000] ftrace: allocated 292 pages with 3 groups
[    0.000000] trace event string verifier disabled
[    0.000000] rcu: Hierarchical RCU implementation.
[    0.000000] rcu: 	RCU event tracing is enabled.
[    0.000000] rcu: 	RCU restricting CPUs from NR_CPUS=384 to nr_cpu_ids=8.
[    0.000000] 	Rude variant of Tasks RCU enabled.
[    0.000000] 	Tracing variant of Tasks RCU enabled.
[    0.000000] rcu: RCU calculated value of scheduler-enlistment delay is 25 jiffies.
[    0.000000] rcu: Adjusting geometry for rcu_fanout_leaf=16, nr_cpu_ids=8
[    0.000000] RCU Tasks Rude: Setting shift to 3 and lim to 1 rcu_task_cb_adjust=1.
[    0.000000] RCU Tasks Trace: Setting shift to 3 and lim to 1 rcu_task_cb_adjust=1.
[    0.000000] NR_IRQS: 64, nr_irqs: 64, preallocated irqs: 0
[    0.000000] GICv3: 960 SPIs implemented
[    0.000000] GICv3: 0 Extended SPIs implemented
[    0.000000] Root IRQ handler: gic_handle_irq
[    0.000000] GICv3: GICv3 features: 16 PPIs
[    0.000000] GICv3: GICD_CTRL.DS=0, SCR_EL3.FIQ=1
[    0.000000] GICv3: CPU0: found redistributor 0 region 0:0x0000000017a60000
[    0.000000] ITS [mem 0x17a40000-0x17a5ffff]
[    0.000000] ITS@0x0000000017a40000: allocated 8192 Devices @1002e0000 (indirect, esz 8, psz 64K, shr 1)
[    0.000000] ITS@0x0000000017a40000: allocated 32768 Interrupt Collections @1002f0000 (flat, esz 2, psz 64K, shr 1)
[    0.000000] GICv3: using LPI property table @0x0000000100300000
[    0.000000] GICv3: CPU0: using allocated LPI pending table @0x0000000100310000
[    0.000000] rcu: srcu_init: Setting srcu_struct sizes based on contention.
[    0.000000] arch_timer: cp15 and mmio timer(s) running at 19.20MHz (virt/virt).
[    0.000000] clocksource: arch_sys_counter: mask: 0xffffffffffffff max_cycles: 0x46d987e47, max_idle_ns: 440795202767 ns
[    0.000000] sched_clock: 56 bits at 19MHz, resolution 52ns, wraps every 4398046511078ns
[    0.000346] kfence: initialized - using 2097152 bytes for 255 objects at 0x(____ptrval____)-0x(____ptrval____)
[    0.000424] Console: colour dummy device 80x25
[    0.000428] printk: legacy console [tty0] enabled
[    0.000494] Calibrating delay loop (skipped), value calculated using timer frequency.. 38.40 BogoMIPS (lpj=76800)
[    0.000498] pid_max: default: 32768 minimum: 301
[    0.000568] LSM: initializing lsm=capability,landlock,yama,bpf
[    0.000620] landlock: Up and running.
[    0.000621] Yama: becoming mindful.
[    0.000629] LSM support for eBPF active
[    0.000697] Mount-cache hash table entries: 65536 (order: 7, 524288 bytes, linear)
[    0.000730] Mountpoint-cache hash table entries: 65536 (order: 7, 524288 bytes, linear)
[    0.001625] rcu: Hierarchical SRCU implementation.
[    0.001629] rcu: 	Max phase no-delay instances is 1000.
[    0.001682] Timer migration: 1 hierarchy levels; 8 children per group; 1 crossnode level
[    0.002124] fsl-mc MSI: msi-controller@17a40000 domain created
[    0.003771] Remapping and enabling EFI services.
[    0.004199] smp: Bringing up secondary CPUs ...
[    0.004698] Detected PIPT I-cache on CPU1
[    0.004739] GICv3: CPU1: found redistributor 100 region 0:0x0000000017a80000
[    0.004749] GICv3: CPU1: using allocated LPI pending table @0x0000000100320000
[    0.004772] CPU1: Booted secondary processor 0x0000000100 [0x410fd4b0]
[    0.005342] Detected PIPT I-cache on CPU2
[    0.005377] GICv3: CPU2: found redistributor 200 region 0:0x0000000017aa0000
[    0.005388] GICv3: CPU2: using allocated LPI pending table @0x0000000100330000
[    0.005412] CPU2: Booted secondary processor 0x0000000200 [0x410fd4b0]
[    0.005970] Detected PIPT I-cache on CPU3
[    0.006001] GICv3: CPU3: found redistributor 300 region 0:0x0000000017ac0000
[    0.006011] GICv3: CPU3: using allocated LPI pending table @0x0000000100340000
[    0.006034] CPU3: Booted secondary processor 0x0000000300 [0x410fd4b0]
[    0.008593] Detected PIPT I-cache on CPU4
[    0.008642] GICv3: CPU4: found redistributor 400 region 0:0x0000000017ae0000
[    0.008654] GICv3: CPU4: using allocated LPI pending table @0x0000000100350000
[    0.008680] CPU4: Booted secondary processor 0x0000000400 [0x410fd4c0]
[    0.009372] Detected PIPT I-cache on CPU5
[    0.009422] GICv3: CPU5: found redistributor 500 region 0:0x0000000017b00000
[    0.009434] GICv3: CPU5: using allocated LPI pending table @0x0000000100360000
[    0.009461] CPU5: Booted secondary processor 0x0000000500 [0x410fd4c0]
[    0.010158] Detected PIPT I-cache on CPU6
[    0.010207] GICv3: CPU6: found redistributor 600 region 0:0x0000000017b20000
[    0.010219] GICv3: CPU6: using allocated LPI pending table @0x0000000100370000
[    0.010246] CPU6: Booted secondary processor 0x0000000600 [0x410fd4c0]
[    0.010951] Detected PIPT I-cache on CPU7
[    0.010999] GICv3: CPU7: found redistributor 700 region 0:0x0000000017b40000
[    0.011011] GICv3: CPU7: using allocated LPI pending table @0x0000000100380000
[    0.011039] CPU7: Booted secondary processor 0x0000000700 [0x410fd4c0]
[    0.011145] smp: Brought up 1 node, 8 CPUs
[    0.011154] SMP: Total of 8 processors activated.
[    0.011156] CPU: All CPU(s) started at EL1
[    0.011163] CPU features: detected: 32-bit EL0 Support
[    0.011164] CPU features: detected: Data cache clean to the PoU not required for I/D coherence
[    0.011166] CPU features: detected: Common not Private translations
[    0.011168] CPU features: detected: CRC32 instructions
[    0.011171] CPU features: detected: RCpc load-acquire (LDAPR)
[    0.011172] CPU features: detected: LSE atomic instructions
[    0.011174] CPU features: detected: Privileged Access Never
[    0.011175] CPU features: detected: RAS Extension Support
[    0.011177] CPU features: detected: Speculative Store Bypassing Safe (SSBS)
[    0.011241] alternatives: applying system-wide alternatives
[    0.015284] CPU features: detected: Hardware dirty bit management on CPU0-7
[    0.015475] Memory: 31130804K/33249508K available (25216K kernel code, 6824K rwdata, 24460K rodata, 17664K init, 1013K bss, 1975352K reserved, 131072K cma-reserved)
[    0.015879] devtmpfs: initialized
[    0.024745] clocksource: jiffies: mask: 0xffffffff max_cycles: 0xffffffff, max_idle_ns: 7645041785100000 ns
[    0.024760] futex hash table entries: 2048 (order: 5, 131072 bytes, linear)
[    0.025270] 2G module region forced by RANDOMIZE_MODULE_REGION_FULL
[    0.025272] 0 pages in range for non-PLT usage
[    0.025274] 505424 pages in range for PLT usage
[    0.025365] pinctrl core: initialized pinctrl subsystem
[    0.026423] SMBIOS 3.3 present.
[    0.026430] DMI: LENOVO 21BXCTO1WW/21BXCTO1WW, BIOS N3HET88W (1.60 ) 03/14/2024
[    0.026465] DMI: Memory slots populated: 1/1
[    0.027687] NET: Registered PF_NETLINK/PF_ROUTE protocol family
[    0.028515] DMA: preallocated 4096 KiB GFP_KERNEL pool for atomic allocations
[    0.028920] DMA: preallocated 4096 KiB GFP_KERNEL|GFP_DMA pool for atomic allocations
[    0.029318] DMA: preallocated 4096 KiB GFP_KERNEL|GFP_DMA32 pool for atomic allocations
[    0.029338] audit: initializing netlink subsys (disabled)
[    0.029427] audit: type=2000 audit(0.024:1): state=initialized audit_enabled=0 res=1
[    0.030080] thermal_sys: Registered thermal governor 'step_wise'
[    0.030083] thermal_sys: Registered thermal governor 'power_allocator'
[    0.030119] cpuidle: using governor ladder
[    0.030131] cpuidle: using governor menu
[    0.030245] hw-breakpoint: found 6 breakpoint and 4 watchpoint registers.
[    0.030328] ASID allocator initialised with 32768 entries
[    0.031243] Serial: AMBA PL011 UART driver
[    0.033230] CPUidle PSCI: Initialized CPU PM domain topology using OSI mode
[    0.041950] platform 88eb000.phy: Fixed dependency cycle(s) with /soc@0/display-subsystem@ae00000/displayport-controller@ae90000
[    0.041961] platform 88eb000.phy: Fixed dependency cycle(s) with /soc@0/usb@a6f8800/usb@a600000
[    0.042242] platform 8903000.phy: Fixed dependency cycle(s) with /soc@0/display-subsystem@ae00000/displayport-controller@ae98000
[    0.042250] platform 8903000.phy: Fixed dependency cycle(s) with /soc@0/usb@a8f8800/usb@a800000
[    0.043569] platform ac5a000.camss: Fixed dependency cycle(s) with /soc@0/cci@ac4c000/i2c-bus@1/camera@10
[    0.043885] platform ae00000.display-subsystem: Fixed dependency cycle(s) with /soc@0/clock-controller@af00000
[    0.044087] platform aec5a00.phy: Fixed dependency cycle(s) with /soc@0/clock-controller@af00000
[    0.044206] platform aec5a00.phy: Fixed dependency cycle(s) with /soc@0/clock-controller@af00000
[    0.044271] platform ae00000.display-subsystem: Fixed dependency cycle(s) with /soc@0/clock-controller@af00000
[    0.044276] platform af00000.clock-controller: Fixed dependency cycle(s) with /soc@0/phy@aec5a00
[    0.044315] platform af00000.clock-controller: Fixed dependency cycle(s) with /soc@0/phy@8903000
[    0.044353] platform af00000.clock-controller: Fixed dependency cycle(s) with /soc@0/phy@88eb000
[    0.048208] platform 18200000.rsc:regulators-0: Fixed dependency cycle(s) with /soc@0/rsc@18200000/regulators-0/smps11
[    0.048216] platform 18200000.rsc:regulators-0: Fixed dependency cycle(s) with /soc@0/rsc@18200000/regulators-0/smps12
[    0.048302] platform 18200000.rsc:regulators-1: Fixed dependency cycle(s) with /soc@0/rsc@18200000/regulators-0/smps11
[    0.048307] platform 18200000.rsc:regulators-1: Fixed dependency cycle(s) with /soc@0/rsc@18200000/regulators-1/bob
[    0.048311] platform 18200000.rsc:regulators-1: Fixed dependency cycle(s) with /soc@0/rsc@18200000/regulators-1/smps1
[    0.050687] platform usb0-sbu-mux: Fixed dependency cycle(s) with /pmic-glink/connector@0
[    0.051169] platform usb1-sbu-mux: Fixed dependency cycle(s) with /pmic-glink/connector@1
[    0.051634] HugeTLB: registered 1.00 GiB page size, pre-allocated 0 pages
[    0.051638] HugeTLB: 0 KiB vmemmap can be freed for a 1.00 GiB page
[    0.051641] HugeTLB: registered 32.0 MiB page size, pre-allocated 0 pages
[    0.051643] HugeTLB: 0 KiB vmemmap can be freed for a 32.0 MiB page
[    0.051644] HugeTLB: registered 2.00 MiB page size, pre-allocated 0 pages
[    0.051646] HugeTLB: 0 KiB vmemmap can be freed for a 2.00 MiB page
[    0.051648] HugeTLB: registered 64.0 KiB page size, pre-allocated 0 pages
[    0.051649] HugeTLB: 0 KiB vmemmap can be freed for a 64.0 KiB page
[    0.052384] ACPI: Interpreter disabled.
[    0.059667] iommu: Default domain type: Translated
[    0.059671] iommu: DMA domain TLB invalidation policy: strict mode
[    0.063525] SCSI subsystem initialized
[    0.063574] libata version 3.00 loaded.
[    0.063643] usbcore: registered new interface driver usbfs
[    0.063653] usbcore: registered new interface driver hub
[    0.063666] usbcore: registered new device driver usb
[    0.064065] pps_core: LinuxPPS API ver. 1 registered
[    0.064067] pps_core: Software ver. 5.3.6 - Copyright 2005-2007 Rodolfo Giometti <giometti@linux.it>
[    0.064071] PTP clock support registered
[    0.064144] EDAC MC: Ver: 3.0.0
[    0.064354] scmi_core: SCMI protocol bus registered
[    0.064757] FPGA manager framework
[    0.064817] Advanced Linux Sound Architecture Driver Initialized.
[    0.065214] vgaarb: loaded
[    0.066516] clocksource: Switched to clocksource arch_sys_counter
[    0.066704] VFS: Disk quotas dquot_6.6.0
[    0.066721] VFS: Dquot-cache hash table entries: 512 (order 0, 4096 bytes)
[    0.066786] netfs: FS-Cache loaded
[    0.066842] pnp: PnP ACPI: disabled
[    0.068869] NET: Registered PF_INET protocol family
[    0.069013] IP idents hash table entries: 262144 (order: 9, 2097152 bytes, linear)
[    0.097038] tcp_listen_portaddr_hash hash table entries: 16384 (order: 6, 262144 bytes, linear)
[    0.097195] Table-perturb hash table entries: 65536 (order: 6, 262144 bytes, linear)
[    0.097313] TCP established hash table entries: 262144 (order: 9, 2097152 bytes, linear)
[    0.097689] TCP bind hash table entries: 65536 (order: 9, 2097152 bytes, linear)
[    0.098364] TCP: Hash tables configured (established 262144 bind 65536)
[    0.098506] MPTCP token hash table entries: 32768 (order: 7, 786432 bytes, linear)
[    0.098626] UDP hash table entries: 16384 (order: 7, 524288 bytes, linear)
[    0.098721] UDP-Lite hash table entries: 16384 (order: 7, 524288 bytes, linear)
[    0.098838] NET: Registered PF_UNIX/PF_LOCAL protocol family
[    0.099141] RPC: Registered named UNIX socket transport module.
[    0.099147] RPC: Registered udp transport module.
[    0.099149] RPC: Registered tcp transport module.
[    0.099151] RPC: Registered tcp-with-tls transport module.
[    0.099154] RPC: Registered tcp NFSv4.1 backchannel transport module.
[    0.099160] NET: Registered PF_XDP protocol family
[    0.099171] PCI: CLS 0 bytes, default 64
[    0.099303] Trying to unpack rootfs image as initramfs...
[    0.102607] kvm [1]: HYP mode not available
[    0.103326] Initialise system trusted keyrings
[    0.103399] workingset: timestamp_bits=42 max_order=23 bucket_order=0
[    0.103831] squashfs: version 4.0 (2009/01/31) Phillip Lougher
[    0.103981] NFS: Registering the id_resolver key type
[    0.103994] Key type id_resolver registered
[    0.103996] Key type id_legacy registered
[    0.104008] nfs4filelayout_init: NFSv4 File Layout Driver Registering...
[    0.104011] nfs4flexfilelayout_init: NFSv4 Flexfile Layout Driver Registering...
[    0.104061] 9p: Installing v9fs 9p2000 file system support
[    0.129709] Key type asymmetric registered
[    0.129714] Asymmetric key parser 'x509' registered
[    0.129754] Block layer SCSI generic (bsg) driver version 0.4 loaded (major 244)
[    0.129821] io scheduler mq-deadline registered
[    0.129824] io scheduler kyber registered
[    0.173108] vreg_s10b: Setting 1800000-1800000uV
[    0.173133] vreg_s1c: Setting 1880000-1900000uV
[    0.173334] vreg_s11b: Setting 1272000-1272000uV
[    0.173351] vreg_l1c: Setting 1800000-1800000uV
[    0.173456] vreg_l8c: Setting 1800000-1800000uV
[    0.173496] vreg_s12b: Setting 984000-984000uV
[    0.173559] vreg_l12c: Setting 1800000-1800000uV
[    0.173716] vreg_l1b: Setting 912000-912000uV
[    0.173717] vreg_l13c: Setting 3072000-3072000uV
[    0.173864] vreg_l3b: Setting 1200000-1200000uV
[    0.173878] vreg_bob: Setting 3008000-3960000uV
[    0.173979] vreg_l4b: Setting 912000-912000uV
[    0.174123] vreg_l6b: Setting 880000-880000uV
[    0.175607] Serial: 8250/16550 driver, 4 ports, IRQ sharing enabled
[    0.177499] msm_serial: driver initialized
[    0.177740] SuperH (H)SCI(F) driver initialized
[    0.177874] STM32 USART driver initialized
[    0.183937] loop: module loaded
[    0.184508] megasas: 07.727.03.00-rc1
[    0.186964] spmi_pmic_arb c440000.spmi: PMIC arbiter version v5 (0x50020000)
[    0.195137] tun: Universal TUN/TAP device driver, 1.6
[    0.195804] thunder_xcv, ver 1.0
[    0.195819] thunder_bgx, ver 1.0
[    0.195828] nicpf, ver 1.0
[    0.196606] hns3: Hisilicon Ethernet Network Driver for Hip08 Family - version
[    0.196610] hns3: Copyright (c) 2017 Huawei Corporation.
[    0.196623] hclge is initializing
[    0.196655] e1000: Intel(R) PRO/1000 Network Driver
[    0.196657] e1000: Copyright (c) 1999-2006 Intel Corporation.
[    0.196668] e1000e: Intel(R) PRO/1000 Network Driver
[    0.196670] e1000e: Copyright(c) 1999 - 2015 Intel Corporation.
[    0.196682] igb: Intel(R) Gigabit Ethernet Network Driver
[    0.196685] igb: Copyright (c) 2007-2014 Intel Corporation.
[    0.196695] igbvf: Intel(R) Gigabit Virtual Function Network Driver
[    0.196697] igbvf: Copyright (c) 2009 - 2012 Intel Corporation.
[    0.196900] sky2: driver version 1.30
[    0.199514] usbcore: registered new interface driver usb-storage
[    0.199566] usbcore: registered new interface driver usbserial_generic
[    0.199578] usbserial: USB Serial support registered for generic
[    0.203934] i2c_dev: i2c /dev entries driver
[    0.216238] sdhci: Secure Digital Host Controller Interface driver
[    0.216244] sdhci: Copyright(c) Pierre Ossman
[    0.216777] Synopsys Designware Multimedia Card Interface Driver
[    0.217439] sdhci-pltfm: SDHCI platform and OF driver helper
[    0.225056] ledtrig-cpu: registered to indicate activity on CPUs
[    0.225717] efifb: probing for efifb
[    0.225782] efifb: framebuffer at 0xc6200000, using 9000k, total 9000k
[    0.225788] efifb: mode is 1920x1200x32, linelength=7680, pages=1
[    0.225791] efifb: scrolling: redraw
[    0.225792] efifb: Truecolor: size=8:8:8:8, shift=24:16:8:0
[    0.226003] fbcon: Deferring console take-over
[    0.226006] fb0: EFI VGA frame buffer device
[    0.243140] hid: raw HID events driver (C) Jiri Kosina
[    0.243333] usbcore: registered new interface driver usbhid
[    0.243337] usbhid: USB HID core driver
[    0.248240] hw perfevents: enabled with armv8_pmuv3 PMU driver, 7 counters available
[    0.253656] drop_monitor: Initializing network drop monitor service
[    0.253923] NET: Registered PF_INET6 protocol family
[    1.695783] Freeing initrd memory: 843048K
[    1.700900] Segment Routing with IPv6
[    1.700950] In-situ OAM (IOAM) with IPv6
[    1.701064] NET: Registered PF_PACKET protocol family
[    1.701574] 9pnet: Installing 9P2000 support
[    1.701653] Key type dns_resolver registered
[    1.708080] registered taskstats version 1
[    1.708308] Loading compiled-in X.509 certificates
[    1.718153] Demotion targets for Node 0: null
[    1.718541] Key type .fscrypt registered
[    1.718544] Key type fscrypt-provisioning registered
[    1.737788] qcom_scm: convention: smc arm 64
[    1.738558] qcom_scm firmware:scm: qseecom: found qseecom with version 0x1402000
[    1.738809] qcom_qseecom qcom_qseecom: setting up client for qcom.tz.uefisecapp
[    1.738851] efivars: Registered efivars operations
[    1.743362] vreg_l2d: Setting 3072000-3072000uV
[    1.743509] vreg_l3d: Setting 1200000-1200000uV
[    1.743651] vreg_l4d: Setting 1200000-1200000uV
[    1.743733] arm-smmu 3da0000.iommu: probing hardware configuration...
[    1.743738] arm-smmu 3da0000.iommu: SMMUv2 with:
[    1.743739] vreg_l6d: Setting 880000-880000uV
[    1.743761] arm-smmu 3da0000.iommu: 	stage 1 translation
[    1.743763] arm-smmu 3da0000.iommu: 	coherent table walk
[    1.743766] arm-smmu 3da0000.iommu: 	stream matching with 9 register groups
[    1.743780] arm-smmu 3da0000.iommu: 	7 context banks (0 stage-2 only)
[    1.743797] arm-smmu 3da0000.iommu: 	Supported page sizes: 0x61311000
[    1.743799] arm-smmu 3da0000.iommu: 	Stage-1: 48-bit VA -> 36-bit IPA
[    1.743840] vreg_l7d: Setting 3072000-3072000uV
[    1.743913] arm-smmu 3da0000.iommu: 	preserved 0 boot mappings
[    1.743928] vreg_l8d: Setting 912000-912000uV
[    1.744027] vreg_l9d: Setting 912000-912000uV
[    1.744122] vreg_l10d: Setting 912000-912000uV
[    1.746747] arm-smmu 15000000.iommu: probing hardware configuration...
[    1.746751] arm-smmu 15000000.iommu: SMMUv2 with:
[    1.746757] arm-smmu 15000000.iommu: 	stage 1 translation
[    1.746759] arm-smmu 15000000.iommu: 	non-coherent table walk
[    1.746760] arm-smmu 15000000.iommu: 	(IDR0.CTTW overridden by FW configuration)
[    1.746764] arm-smmu 15000000.iommu: 	stream matching with 162 register groups
[    1.746772] arm-smmu 15000000.iommu: 	110 context banks (0 stage-2 only)
[    1.746781] arm-smmu 15000000.iommu: 	Limiting the stream matching groups to 128
[    1.747124] arm-smmu 15000000.iommu: 	Supported page sizes: 0x61311000
[    1.747126] arm-smmu 15000000.iommu: 	Stage-1: 36-bit VA -> 36-bit IPA
[    1.747191] arm-smmu 15000000.iommu: 	preserved 0 boot mappings
[    1.761291] platform 88eb000.phy: Fixed dependency cycle(s) with /soc@0/usb@a6f8800/usb@a600000
[    1.761342] platform a600000.usb: Fixed dependency cycle(s) with /pmic-glink/connector@0
[    1.761353] platform a600000.usb: Fixed dependency cycle(s) with /soc@0/phy@88eb000
[    1.764120] platform 8903000.phy: Fixed dependency cycle(s) with /soc@0/usb@a8f8800/usb@a800000
[    1.764164] platform a800000.usb: Fixed dependency cycle(s) with /pmic-glink/connector@1
[    1.764175] platform a800000.usb: Fixed dependency cycle(s) with /soc@0/phy@8903000
[    1.766784] geni_se_qup 8c0000.geniqup: Adding to iommu group 0
[    1.767758] geni_se_qup 9c0000.geniqup: Adding to iommu group 1
[    1.768612] 988000.serial: ttyHS1 at MMIO 0x988000 (irq = 192, base_baud = 0) is a MSM
[    1.768807] serial serial0: tty port ttyHS1 registered
[    1.769662] geni_se_qup ac0000.geniqup: Adding to iommu group 2
[    1.775937] input: gpio-keys as /devices/platform/gpio-keys/input/input0
[    1.828547] clk: Not disabling unused clocks
[    1.828554] PM: genpd: Not disabling unused power domains
[    1.828567] ALSA device list:
[    1.828572]   No soundcards found.
[    1.835396] Freeing unused kernel memory: 17664K
[    1.835488] Run /init as init process
[    1.835492]   with arguments:
[    1.835495]     /init
[    1.835497]   with environment:
[    1.835499]     HOME=/
[    1.835501]     TERM=linux
[    1.835503]     BOOT_IMAGE=/boot/Image
[    1.839977] fbcon: Taking over console
[    1.840220] Console: switching to colour frame buffer device 240x75
[    1.867274] stage-1-init: [Thu Jan  1 00:00:01 UTC 1970] loading module loop...
[    1.869730] stage-1-init: [Thu Jan  1 00:00:01 UTC 1970] loading module overlay...
[    1.880943] stage-1-init: [Thu Jan  1 00:00:01 UTC 1970] loading module qnoc-sc8280xp...
[    1.883345] stage-1-init: [Thu Jan  1 00:00:01 UTC 1970] loading module phy_qcom_qmp_pcie...
[    1.888687] stage-1-init: [Thu Jan  1 00:00:01 UTC 1970] loading module nvme...
[    1.905343] stage-1-init: [Thu Jan  1 00:00:01 UTC 1970] loading module pcie_qcom...
[    1.907916] qcom-pcie 1c20000.pcie: supply vdda not found, using dummy regulator
[    1.908086] qcom-pcie 1c20000.pcie: host bridge /soc@0/pcie@1c20000 ranges:
[    1.908099] qcom-pcie 1c20000.pcie:       IO 0x003c200000..0x003c2fffff -> 0x0000000000
[    1.908109] qcom-pcie 1c20000.pcie:      MEM 0x003c300000..0x003dffffff -> 0x003c300000
[    2.025147] qcom-pcie 1c20000.pcie: iATU: unroll T, 8 ob, 8 ib, align 4K, limit 1024G
[    2.123464] qcom-pcie 1c20000.pcie: PCIe Gen.3 x4 link up
[    2.124171] qcom-pcie 1c20000.pcie: PCI host bridge to bus 0002:00
[    2.124199] pci_bus 0002:00: root bus resource [bus 00-ff]
[    2.124227] pci_bus 0002:00: root bus resource [io  0x0000-0xfffff]
[    2.124240] pci_bus 0002:00: root bus resource [mem 0x3c300000-0x3dffffff]
[    2.124392] pci 0002:00:00.0: [17cb:010e] type 01 class 0x060400 PCIe Root Port
[    2.124423] pci 0002:00:00.0: BAR 0 [mem 0x00000000-0x00000fff]
[    2.124445] pci 0002:00:00.0: PCI bridge to [bus 01-ff]
[    2.124458] pci 0002:00:00.0:   bridge window [io  0x0000-0x0fff]
[    2.124469] pci 0002:00:00.0:   bridge window [mem 0x00000000-0x000fffff]
[    2.124484] pci 0002:00:00.0:   bridge window [mem 0x00000000-0x000fffff 64bit pref]
[    2.124587] pci 0002:00:00.0: PME# supported from D0 D3hot D3cold
[    2.131994] pci 0002:01:00.0: [144d:a80b] type 00 class 0x010802 PCIe Endpoint
[    2.132144] pci 0002:01:00.0: BAR 0 [mem 0x00000000-0x00003fff 64bit]
[    2.133175] pci 0002:01:00.0: PME# supported from D0 D3hot
[    2.133742] pci 0002:01:00.0: 31.504 Gb/s available PCIe bandwidth, limited by 8.0 GT/s PCIe x4 link at 0002:00:00.0 (capable of 63.012 Gb/s with 16.0 GT/s PCIe x4 link)
[    2.147519] pci 0002:00:00.0: bridge window [mem 0x3c300000-0x3c3fffff]: assigned
[    2.147567] pci 0002:00:00.0: BAR 0 [mem 0x3c400000-0x3c400fff]: assigned
[    2.147604] pci 0002:01:00.0: BAR 0 [mem 0x3c300000-0x3c303fff 64bit]: assigned
[    2.147690] pci 0002:00:00.0: PCI bridge to [bus 01-ff]
[    2.147716] pci 0002:00:00.0:   bridge window [mem 0x3c300000-0x3c3fffff]
[    2.147745] pci_bus 0002:00: resource 4 [io  0x0000-0xfffff]
[    2.147769] pci_bus 0002:00: resource 5 [mem 0x3c300000-0x3dffffff]
[    2.147790] pci_bus 0002:01: resource 1 [mem 0x3c300000-0x3c3fffff]
[    2.151385] pcieport 0002:00:00.0: PME: Signaling with IRQ 195
[    2.152915] pcieport 0002:00:00.0: AER: enabled with IRQ 195
[    2.154202] nvme nvme0: pci function 0002:01:00.0
[    2.154245] nvme 0002:01:00.0: enabling device (0000 -> 0002)
[    2.157706] nvme nvme0: D3 entry latency set to 8 seconds
[    2.200263] hwmon hwmon11: temp1_input not attached to any thermal zone
[    2.200545] hwmon hwmon11: temp2_input not attached to any thermal zone
[    2.200760] hwmon hwmon11: temp3_input not attached to any thermal zone
[    2.274760] nvme nvme0: allocated 64 MiB host memory buffer.
[    2.307478] nvme nvme0: 8/0/0 default/read/poll queues
[    2.327212] nvme nvme0: Ignoring bogus Namespace Identifiers
[    2.348520]  nvme0n1: p1 p2 p3 p4
[    2.363170] stage-1-init: [Thu Jan  1 00:00:02 UTC 1970] loading module i2c_qcom_geni...
[    2.372568] stage-1-init: [Thu Jan  1 00:00:02 UTC 1970] loading module i2c_hid_of...
[    2.375725] stage-1-init: [Thu Jan  1 00:00:02 UTC 1970] loading module hid_generic...
[    2.378380] stage-1-init: [Thu Jan  1 00:00:02 UTC 1970] loading module pwm_bl...
[    2.381840] stage-1-init: [Thu Jan  1 00:00:02 UTC 1970] loading module qrtr...
[    2.383404] NET: Registered PF_QIPCRTR protocol family
[    2.385686] stage-1-init: [Thu Jan  1 00:00:02 UTC 1970] loading module phy_qcom_edp...
[    2.388824] stage-1-init: [Thu Jan  1 00:00:02 UTC 1970] loading module i2c_qcom_geni...
[    2.390628] stage-1-init: [Thu Jan  1 00:00:02 UTC 1970] loading module gpio_sbu_mux...
[    2.396691] stage-1-init: [Thu Jan  1 00:00:02 UTC 1970] loading module pmic_glink_altmode...
[    2.403106] stage-1-init: [Thu Jan  1 00:00:02 UTC 1970] loading module spmi_pmic_arb...
[    2.405293] stage-1-init: [Thu Jan  1 00:00:02 UTC 1970] loading module phy_qcom_qmp_combo...
[    2.408895] qcom_pmic_glink pmic-glink: Failed to create device link (0x180) with 88eb000.phy
[    2.409738] qcom_pmic_glink pmic-glink: Failed to create device link (0x180) with 8903000.phy
[    2.411978] stage-1-init: [Thu Jan  1 00:00:02 UTC 1970] loading module qcom_spmi_pmic...
[    2.414344] stage-1-init: [Thu Jan  1 00:00:02 UTC 1970] loading module msm...
[    2.488881] adreno 3d00000.gpu: Adding to iommu group 3
[    2.489771] msm-mdss ae00000.display-subsystem: Adding to iommu group 4
[    2.514743] platform ae01000.display-controller: Fixed dependency cycle(s) with /soc@0/display-subsystem@ae00000/displayport-controller@aea0000
[    2.514752] platform ae01000.display-controller: Fixed dependency cycle(s) with /soc@0/display-subsystem@ae00000/displayport-controller@ae98000
[    2.514757] platform ae01000.display-controller: Fixed dependency cycle(s) with /soc@0/display-subsystem@ae00000/displayport-controller@ae90000
[    2.517293] platform aea0000.displayport-controller: Fixed dependency cycle(s) with /soc@0/display-subsystem@ae00000/displayport-controller@aea0000/aux-bus/panel
[    2.582681] stage-1-init: [Thu Jan  1 00:00:02 UTC 1970] loading module pinctrl_spmi_gpio...
[    2.604819] stage-1-init: [Thu Jan  1 00:00:02 UTC 1970] loading module leds_qcom_lpg...
[    2.606775] qcom-pcie 1c00000.pcie: supply vdda not found, using dummy regulator
[    2.607025] qcom-pcie 1c00000.pcie: host bridge /soc@0/pcie@1c00000 ranges:
[    2.607061] qcom-pcie 1c00000.pcie:       IO 0x0030200000..0x00302fffff -> 0x0000000000
[    2.607085] qcom-pcie 1c00000.pcie:      MEM 0x0030300000..0x0031ffffff -> 0x0030300000
[    2.607225] qcom-pcie 1c10000.pcie: supply vdda not found, using dummy regulator
[    2.607339] qcom-pcie 1c10000.pcie: host bridge /soc@0/pcie@1c10000 ranges:
[    2.607362] qcom-pcie 1c10000.pcie:       IO 0x0034200000..0x00342fffff -> 0x0000000000
[    2.607371] qcom-pcie 1c10000.pcie:      MEM 0x0034300000..0x0035ffffff -> 0x0034300000
[    2.689579] input: hid-over-i2c 04F3:000D Keyboard as /devices/platform/soc@0/8c0000.geniqup/894000.i2c/i2c-21/21-0068/0018:04F3:000D.0001/input/input1
[    2.720392] qcom-pcie 1c10000.pcie: iATU: unroll T, 8 ob, 8 ib, align 4K, limit 1024G
[    2.720402] qcom-pcie 1c00000.pcie: iATU: unroll T, 8 ob, 8 ib, align 4K, limit 1024G
[    2.762019] input: hid-over-i2c 06CB:CE5C Mouse as /devices/platform/soc@0/8c0000.geniqup/894000.i2c/i2c-21/21-002c/0018:06CB:CE5C.0002/input/input3
[    2.783312] input: hid-over-i2c 04F3:000D Mouse as /devices/platform/soc@0/8c0000.geniqup/894000.i2c/i2c-21/21-0068/0018:04F3:000D.0001/input/input2
[    2.786656] hid-generic 0018:04F3:000D.0001: input,hidraw0: I2C HID v1.00 Keyboard [hid-over-i2c 04F3:000D] on 21-0068
[    2.786743] input: hid-over-i2c 06CB:CE5C Touchpad as /devices/platform/soc@0/8c0000.geniqup/894000.i2c/i2c-21/21-002c/0018:06CB:CE5C.0002/input/input4
[    2.788669] hid-generic 0018:06CB:CE5C.0002: input,hidraw1: I2C HID v1.00 Mouse [hid-over-i2c 06CB:CE5C] on 21-002c
[    2.819609] qcom-pcie 1c00000.pcie: PCIe Gen.2 x1 link up
[    2.819609] qcom-pcie 1c10000.pcie: PCIe Gen.3 x2 link up
[    2.819745] qcom-pcie 1c10000.pcie: PCI host bridge to bus 0004:00
[    2.819756] pci_bus 0004:00: root bus resource [bus 00-ff]
[    2.819765] pci_bus 0004:00: root bus resource [io  0x200000-0x2fffff] (bus address [0x0000-0xfffff])
[    2.819770] pci_bus 0004:00: root bus resource [mem 0x34300000-0x35ffffff]
[    2.819828] pci 0004:00:00.0: [17cb:010e] type 01 class 0x060400 PCIe Root Port
[    2.819845] pci 0004:00:00.0: BAR 0 [mem 0x00000000-0x00000fff]
[    2.819858] pci 0004:00:00.0: PCI bridge to [bus 01-ff]
[    2.819865] pci 0004:00:00.0:   bridge window [io  0x200000-0x200fff]
[    2.819870] pci 0004:00:00.0:   bridge window [mem 0x00000000-0x000fffff]
[    2.819879] pci 0004:00:00.0:   bridge window [mem 0x00000000-0x000fffff 64bit pref]
[    2.819931] pci 0004:00:00.0: PME# supported from D0 D3hot D3cold
[    2.822385] pci 0004:01:00.0: [105b:e0c3] type 00 class 0x0d4000 PCIe Endpoint
[    2.822474] pci 0004:01:00.0: BAR 0 [mem 0x00000000-0x00000fff 64bit]
[    2.822558] pci 0004:01:00.0: BAR 2 [mem 0x00000000-0x00000fff 64bit]
[    2.823149] pci 0004:01:00.0: PME# supported from D0 D3hot D3cold
[    2.823508] pci 0004:01:00.0: 15.752 Gb/s available PCIe bandwidth, limited by 8.0 GT/s PCIe x2 link at 0004:00:00.0 (capable of 31.506 Gb/s with 16.0 GT/s PCIe x2 link)
[    2.835528] pci 0004:00:00.0: bridge window [mem 0x34300000-0x343fffff]: assigned
[    2.835544] pci 0004:00:00.0: BAR 0 [mem 0x34400000-0x34400fff]: assigned
[    2.835558] pci 0004:01:00.0: BAR 0 [mem 0x34300000-0x34300fff 64bit]: assigned
[    2.835614] pci 0004:01:00.0: BAR 2 [mem 0x34301000-0x34301fff 64bit]: assigned
[    2.835661] pci 0004:00:00.0: PCI bridge to [bus 01-ff]
[    2.835670] pci 0004:00:00.0:   bridge window [mem 0x34300000-0x343fffff]
[    2.835683] pci_bus 0004:00: resource 4 [io  0x200000-0x2fffff]
[    2.835690] pci_bus 0004:00: resource 5 [mem 0x34300000-0x35ffffff]
[    2.835697] pci_bus 0004:01: resource 1 [mem 0x34300000-0x343fffff]
[    2.835856] qcom-pcie 1c00000.pcie: PCI host bridge to bus 0006:00
[    2.835865] pci_bus 0006:00: root bus resource [bus 00-ff]
[    2.835872] pci_bus 0006:00: root bus resource [io  0x100000-0x1fffff] (bus address [0x0000-0xfffff])
[    2.835876] pci_bus 0006:00: root bus resource [mem 0x30300000-0x31ffffff]
[    2.835904] pci 0006:00:00.0: [17cb:010e] type 01 class 0x060400 PCIe Root Port
[    2.835916] pci 0006:00:00.0: BAR 0 [mem 0x00000000-0x00000fff]
[    2.835926] pci 0006:00:00.0: PCI bridge to [bus 01-ff]
[    2.835931] pci 0006:00:00.0:   bridge window [io  0x100000-0x100fff]
[    2.835934] pci 0006:00:00.0:   bridge window [mem 0x00000000-0x000fffff]
[    2.835940] pci 0006:00:00.0:   bridge window [mem 0x00000000-0x000fffff 64bit pref]
[    2.835982] pci 0006:00:00.0: PME# supported from D0 D3hot D3cold
[    2.837573] pcieport 0004:00:00.0: PME: Signaling with IRQ 216
[    2.837832] pci 0006:01:00.0: [17cb:1103] type 00 class 0x028000 PCIe Endpoint
[    2.837932] pci 0006:01:00.0: BAR 0 [mem 0x00000000-0x001fffff 64bit]
[    2.838502] pcieport 0004:00:00.0: AER: enabled with IRQ 216
[    2.838601] pci 0006:01:00.0: PME# supported from D0 D3hot D3cold
[    2.838931] pci 0006:01:00.0: 4.000 Gb/s available PCIe bandwidth, limited by 5.0 GT/s PCIe x1 link at 0006:00:00.0 (capable of 7.876 Gb/s with 8.0 GT/s PCIe x1 link)
[    2.851007] pci 0006:00:00.0: bridge window [mem 0x30400000-0x305fffff]: assigned
[    2.851016] pci 0006:00:00.0: BAR 0 [mem 0x30300000-0x30300fff]: assigned
[    2.851024] pci 0006:01:00.0: BAR 0 [mem 0x30400000-0x305fffff 64bit]: assigned
[    2.851076] pci 0006:00:00.0: PCI bridge to [bus 01-ff]
[    2.851082] pci 0006:00:00.0:   bridge window [mem 0x30400000-0x305fffff]
[    2.851090] pci_bus 0006:00: resource 4 [io  0x100000-0x1fffff]
[    2.851095] pci_bus 0006:00: resource 5 [mem 0x30300000-0x31ffffff]
[    2.851101] pci_bus 0006:01: resource 1 [mem 0x30400000-0x305fffff]
[    2.852376] pcieport 0006:00:00.0: PME: Signaling with IRQ 218
[    2.853188] pcieport 0006:00:00.0: AER: enabled with IRQ 218
[    2.860829] msm-dp-display aea0000.displayport-controller: Failed to create device link (0x180) with backlight
[    2.862777] stage-1-init: [Thu Jan  1 00:00:02 UTC 1970] loading module panel_edp...
[    3.009886] panel-simple-dp-aux aux-aea0000.displayport-controller: Detected AUO B133UAN02.1 (0x1e9b)
[    3.015566] msm_dpu ae01000.display-controller: bound ae90000.displayport-controller (ops dp_display_comp_ops [msm])
[    3.020119] msm_dpu ae01000.display-controller: bound ae98000.displayport-controller (ops dp_display_comp_ops [msm])
[    3.023400] msm_dpu ae01000.display-controller: bound aea0000.displayport-controller (ops dp_display_comp_ops [msm])
[    3.025164] adreno 3d00000.gpu: supply vdd not found, using dummy regulator
[    3.025249] adreno 3d00000.gpu: supply vddcx not found, using dummy regulator
[    3.027295] platform 3d6a000.gmu: Adding to iommu group 5
[    3.038930] msm_dpu ae01000.display-controller: bound 3d00000.gpu (ops a3xx_ops [msm])
[    3.040051] Console: switching to colour dummy device 80x25
[    3.041622] [drm:dpu_kms_hw_init:1108] dpu hardware revision:0x80000000
[    3.043188] [drm] Initialized msm 1.12.0 for ae01000.display-controller on minor 0
[    3.043712] msm_dpu ae01000.display-controller: [drm:adreno_request_fw [msm]] loaded qcom/a660_sqe.fw from new location
[    3.044401] msm_dpu ae01000.display-controller: [drm:adreno_request_fw [msm]] loaded qcom/a660_gmu.bin from new location
[    3.219824] Console: switching to colour frame buffer device 240x75
[    3.219839] fb0: Framebuffer is not in virtual address space.
[    3.240638] msm_dpu ae01000.display-controller: [drm] fb0: msmdrmfb frame buffer device
[    3.258985] stage-1-init: [Thu Jan  1 00:00:03 UTC 1970] loading module qcom_q6v5_pas...
[    3.277315] remoteproc remoteproc0: 3000000.remoteproc is available
[    3.278610] remoteproc remoteproc1: 1b300000.remoteproc is available
[    3.281906] stage-1-init: [Thu Jan  1 00:00:03 UTC 1970] loading module usb_storage...
[    3.284059] stage-1-init: [Thu Jan  1 00:00:03 UTC 1970] loading module uas...
[    3.285845] usbcore: registered new interface driver uas
[    3.288337] stage-1-init: [Thu Jan  1 00:00:03 UTC 1970] loading module dispcc_sc8280xp...
[    3.290080] stage-1-init: [Thu Jan  1 00:00:03 UTC 1970] loading module gpucc_sc8280xp...
[    3.292447] stage-1-init: [Thu Jan  1 00:00:03 UTC 1970] loading module ufs_qcom...
[    3.292922] remoteproc remoteproc1: powering up 1b300000.remoteproc
[    3.296831] stage-1-init: [Thu Jan  1 00:00:03 UTC 1970] loading module phy_qcom_qmp_ufs...
[    3.296909] remoteproc remoteproc1: Booting fw image qcom/sc8280xp/LENOVO/21BX/qccdsp8280.mbn, size 3575808
[    3.300608] stage-1-init: [Thu Jan  1 00:00:03 UTC 1970] loading module vfat...
[    3.302935] stage-1-init: [Thu Jan  1 00:00:03 UTC 1970] loading module nls_cp437...
[    3.305807] stage-1-init: [Thu Jan  1 00:00:03 UTC 1970] loading module nls_iso8859-1...
[    3.308664] stage-1-init: [Thu Jan  1 00:00:03 UTC 1970] loading module dm_mod...
[    3.320117] device-mapper: ioctl: 4.48.0-ioctl (2023-03-01) initialised: dm-devel@lists.linux.dev
[    3.321682] stage-1-init: [Thu Jan  1 00:00:03 UTC 1970] running udev...
[    3.322469] remoteproc remoteproc0: powering up 3000000.remoteproc
[    3.333478] stage-1-init: [Thu Jan  1 00:00:03 UTC 1970] Starting systemd-udevd version 256.4
[    3.335606] remoteproc remoteproc0: Booting fw image qcom/sc8280xp/LENOVO/21BX/qcadsp8280.mbn, size 14367860
[    3.445993] remoteproc remoteproc1: remote processor 1b300000.remoteproc is now up
[    3.511424] remoteproc remoteproc0: remote processor 3000000.remoteproc is now up
[    3.557834] stage-1-init: [Thu Jan  1 00:00:03 UTC 1970] starting device mapper and LVM...
[    3.679242] stage-1-init: [Thu Jan  1 00:00:03 UTC 1970] mounting tmpfs on /...
[   13.541100] dwc3 a400000.usb: Adding to iommu group 6
[   13.542169] dwc3 a600000.usb: Adding to iommu group 7
[   13.542793] dwc3 a800000.usb: Adding to iommu group 8
[   13.543890] platform a400000.usb: deferred probe pending: dwc3: failed to initialize core
[   13.543897] platform a600000.usb: deferred probe pending: dwc3: failed to initialize core
[   13.543900] platform a800000.usb: deferred probe pending: dwc3: failed to initialize core
[   13.543903] platform 18591000.cpufreq: deferred probe pending: qcom-cpufreq-hw: Failed to find icc paths
[   13.543924] qnoc-sc8280xp interconnect-mc-virt: sync_state() pending due to 9091000.pmu
[   13.543929] qnoc-sc8280xp interconnect-gem-noc: sync_state() pending due to 90b6400.pmu
[   13.543936] qnoc-sc8280xp interconnect-mc-virt: sync_state() pending due to aa00000.video-codec
[   13.543940] qnoc-sc8280xp interconnect-mmss-noc: sync_state() pending due to aa00000.video-codec
[   13.543944] qnoc-sc8280xp interconnect-config-noc: sync_state() pending due to aa00000.video-codec
[   13.543947] qnoc-sc8280xp interconnect-gem-noc: sync_state() pending due to aa00000.video-codec
[   13.543951] qnoc-sc8280xp interconnect-mc-virt: sync_state() pending due to ac5a000.camss
[   13.543954] qnoc-sc8280xp interconnect-mmss-noc: sync_state() pending due to ac5a000.camss
[   13.543956] qnoc-sc8280xp interconnect-config-noc: sync_state() pending due to ac5a000.camss
[   13.543959] qnoc-sc8280xp interconnect-gem-noc: sync_state() pending due to ac5a000.camss
[   13.543972] qcom-rpmhpd 18200000.rsc:power-controller: sync_state() pending due to ad00000.clock-controller
[   13.543975] qcom-rpmhpd 18200000.rsc:power-controller: sync_state() pending due to abf0000.clock-controller
[   13.543979] qcom-rpmhpd 18200000.rsc:power-controller: sync_state() pending due to aa00000.video-codec
[   29.015298] stage-1-init: [Thu Jan  1 00:00:29 UTC 1970] waiting for device /dev/root to appear.......................
[   29.016577] stage-1-init: [Thu Jan  1 00:00:29 UTC 1970] Timed out waiting for device /dev/root, trying to mount anyway.
[   29.071711] stage-1-init: [Thu Jan  1 00:00:29 UTC 1970] mounting /dev/root on /iso...
[   29.072045] /dev/root: Can't lookup blockdev
[   29.072159] /dev/root: Can't lookup blockdev
[   29.072228] /dev/root: Can't lookup blockdev
[   29.072288] /dev/root: Can't lookup blockdev
[   29.073354] stage-1-init: [Thu Jan  1 00:00:29 UTC 1970] mount: mounting /dev/root on /mnt-root/iso failed: No such file or directory
[   29.074422] stage-1-init: [Thu Jan  1 00:00:29 UTC 1970] An error occurred in stage 1 of the boot process, which must mount the
[   29.075379] stage-1-init: [Thu Jan  1 00:00:29 UTC 1970] root filesystem on `/mnt-root' and then start stage 2.  Press one
[   29.076318] stage-1-init: [Thu Jan  1 00:00:29 UTC 1970] of the following keys:
[   29.077195] stage-1-init: [Thu Jan  1 00:00:29 UTC 1970] i) to launch an interactive shell
[   29.078332] stage-1-init: [Thu Jan  1 00:00:29 UTC 1970] f) to start an interactive shell having pid 1 (needed if you want to
[   29.079191] stage-1-init: [Thu Jan  1 00:00:29 UTC 1970] start stage 2's init manually)
[   29.080333] stage-1-init: [Thu Jan  1 00:00:29 UTC 1970] r) to reboot immediately
[   29.081159] stage-1-init: [Thu Jan  1 00:00:29 UTC 1970] *) to ignore the error and continue
[   29.082313] stage-1-init: [Thu Jan  1 00:00:29 UTC 1970] Starting interactive shell...
